........................................................................ [ 54%]
............................................................             [100%]
132 passed in 0.67s
